Grade,Day,PeriodStart,PeriodEnd,Subject,Teacher
B9,Friday,12:20,13:15,English,Mr. Bright Dey B9
B9,Friday,13:30,14:25,English,Mr. Bright Dey B9
