Grade,Day,PeriodStart,PeriodEnd,Subject,Teacher
B9,Wednesday,09:50,10:45,English,Mr. Bright Dey B9
B9,Wednesday,11:25,12:20,English,Mr. Bright Dey B9
