Grade,Day,PeriodStart,PeriodEnd,Subject,Teacher
B9,Friday,14:45,15:20,Extra Curricular,Mr. EC
