Grade,Day,PeriodStart,PeriodEnd,Subject,Teacher
# 0 OpenRevision entries (should fail count)

# B9 English rules satisfied
B9,Wednesday,11:25,12:20,English,Mr. Bright Dey B9
B9,Wednesday,12:20,13:15,English,Mr. Bright Dey B9
B9,Friday,13:30,14:25,English,Mr. Bright Dey B9
B9,Friday,14:45,15:20,English,Mr. Bright Dey B9

