Grade,Day,PeriodStart,PeriodEnd,Subject,Teacher
B9,Monday,08:55,09:50,OpenRevision,
B9,Monday,11:25,12:20,OpenRevision,
