Grade,Day,PeriodStart,PeriodEnd,Subject,Teacher
B9,Tuesday,08:00,08:55,English,Mr. A
B9,Tuesday,08:00,08:55,Mathematics,Mr. B
