Grade,Day,PeriodStart,PeriodEnd,Subject,Teacher
B6A,Friday,14:45,15:20,Extra Curricular,
B7A,Friday,14:45,15:20,Extra Curricular,
B8A,Friday,14:45,15:20,Extra Curricular,
