Grade,Day,PeriodStart,PeriodEnd,Subject,Teacher
B6A,Thursday,14:45,15:20,Extra Curricular,
