Grade,Day,PeriodStart,PeriodEnd,Subject,Teacher
B7A,Monday,08:00,08:55,Supervised Study,Class Teacher
