Grade,Day,PeriodStart,PeriodEnd,Subject,Teacher
B9,Monday,08:00,08:55,Science,Mr. Same Person
B8A,Monday,08:00,08:55,English,Mr. Same Person
