Grade,Day,PeriodStart,PeriodEnd,Subject,Teacher
B8A,Monday,08:00,08:55,Twi,Mr. Twi
